Info: Start Nativelink Simulation process

========= EDA Simulation Settings =====================

Sim Mode              :  Gate
Family                :  max10
Quartus root          :  c:/quartusprime/quartus/bin64/
Quartus sim root      :  c:/quartusprime/quartus/eda/sim_lib
Simulation Tool       :  modelsim-altera
Simulation Language   :  vhdl
Version               :  93
Simulation Mode       :  GUI
Sim Output File       :  SpaceInvaders.vho
Sim SDF file          :  SpaceInvaders__vhdl.sdo
Sim dir               :  simulation\modelsim

=======================================================

Info: Starting NativeLink simulation with ModelSim-Altera software
Sourced NativeLink script c:/quartusprime/quartus/common/tcl/internal/nativelink/modelsim.tcl
Warning: File SpaceInvaders_run_msim_gate_vhdl.do already exists - backing up current file as SpaceInvaders_run_msim_gate_vhdl.do.bak11
Probing transcript
ModelSim-Altera Info: # Reading pref.tcl
Info: NativeLink simulation flow was successful
